// (x, undef), (y, undef)
block0
x = read()
if (x < 0) goto block1; else goto block2;

// (x, 0), (y, undef)
block1
if (x < -5) goto block4; else goto block5;

// (x, 0), (y, undef)
block2
y = 3
goto block3;

// (x, 0), (y, 2), (y, 4), (y, 5)
block3
print(y > 0)
return;

// (x, 0), (y, undef)
block4
y = 1
goto block6;

// (x, 0), (y, undef)
block5
y = 2
goto block6;

// (x, 0), (y, 4), (y, 5)
block6
goto block3;
